// Jest Snapshot v1, https://goo.gl/fbAQLP

exports[`AuthTabs Component mock 1`] = `
<div
  className="container"
>
  <div
    className="MuiTabs-root css-1ujnqem-MuiTabs-root"
  >
    <div
      className="MuiTabs-scroller MuiTabs-fixed css-jpln7h-MuiTabs-scroller"
      style={
        {
          "marginBottom": -0,
          "overflow": "hidden",
        }
      }
    >
      <div
        aria-orientation={null}
        className="MuiTabs-flexContainer css-heg063-MuiTabs-flexContainer"
        onKeyDown={[Function]}
        role="tablist"
      >
        <button
          aria-selected={true}
          className="MuiButtonBase-root MuiTab-root MuiTab-textColorPrimary Mui-selected css-1h9z7r5-MuiButtonBase-root-MuiTab-root"
          disabled={false}
          onBlur={[Function]}
          onClick={[Function]}
          onContextMenu={[Function]}
          onDragLeave={[Function]}
          onFocus={[Function]}
          onKeyDown={[Function]}
          onKeyUp={[Function]}
          onMouseDown={[Function]}
          onMouseLeave={[Function]}
          onMouseUp={[Function]}
          onTouchEnd={[Function]}
          onTouchMove={[Function]}
          onTouchStart={[Function]}
          role="tab"
          tabIndex={0}
          type="button"
        >
          Sign In
          <span
            className="MuiTabs-indicator css-1aquho2-MuiTabs-indicator"
            style={{}}
          />
        </button>
        <button
          aria-selected={false}
          className="MuiButtonBase-root MuiTab-root MuiTab-textColorPrimary css-1h9z7r5-MuiButtonBase-root-MuiTab-root"
          disabled={false}
          onBlur={[Function]}
          onClick={[Function]}
          onContextMenu={[Function]}
          onDragLeave={[Function]}
          onFocus={[Function]}
          onKeyDown={[Function]}
          onKeyUp={[Function]}
          onMouseDown={[Function]}
          onMouseLeave={[Function]}
          onMouseUp={[Function]}
          onTouchEnd={[Function]}
          onTouchMove={[Function]}
          onTouchStart={[Function]}
          role="tab"
          tabIndex={-1}
          type="button"
        >
          Sign Up
        </button>
      </div>
    </div>
  </div>
  <div
    hidden={false}
  >
    <div>
      Mocked SignInForm
    </div>
  </div>
  <div
    hidden={true}
  >
    <div>
      Mocked SignInForm
    </div>
  </div>
</div>
`;
